// Jest Snapshot v1, https://goo.gl/fbAQLP

exports[`renders ThemeSwitcher correctly 1`] = `null`;
